  Determining projects to restore...
  All projects are up-to-date for restore.
C:\Users\shant\OneDrive\Desktop\NEW\EchoX\Services\AudioEngine.cs(17,16): warning CS8618: Non-nullable field '_testTonePlayer' must contain a non-null value when exiting constructor. Consider adding the 'required' modifier or declaring the field as nullable. [C:\Users\shant\OneDrive\Desktop\NEW\EchoX\EchoX.csproj]
C:\Users\shant\OneDrive\Desktop\NEW\EchoX\MainWindow.xaml.cs(118,40): error CS0246: The type or namespace name 'RenderTargetBitmap' could not be found (are you missing a using directive or an assembly reference?) [C:\Users\shant\OneDrive\Desktop\NEW\EchoX\EchoX.csproj]

Build FAILED.

C:\Users\shant\OneDrive\Desktop\NEW\EchoX\Services\AudioEngine.cs(17,16): warning CS8618: Non-nullable field '_testTonePlayer' must contain a non-null value when exiting constructor. Consider adding the 'required' modifier or declaring the field as nullable. [C:\Users\shant\OneDrive\Desktop\NEW\EchoX\EchoX.csproj]
C:\Users\shant\OneDrive\Desktop\NEW\EchoX\MainWindow.xaml.cs(118,40): error CS0246: The type or namespace name 'RenderTargetBitmap' could not be found (are you missing a using directive or an assembly reference?) [C:\Users\shant\OneDrive\Desktop\NEW\EchoX\EchoX.csproj]
    1 Warning(s)
    1 Error(s)

Time Elapsed 00:00:01.10
